11190 jogadores sem histórico completo em 595 clubes
etapa 1 — clubes: 466 a buscar
  20/466 · 139 com página
  40/466 · 159 com página
  60/466 · 178 com página
  80/466 · 192 com página
  100/466 · 199 com página
  120/466 · 207 com página
  140/466 · 215 com página
  160/466 · 221 com página
  180/466 · 237 com página
  200/466 · 254 com página
  220/466 · 270 com página
  240/466 · 288 com página
  260/466 · 308 com página
  280/466 · 324 com página
  300/466 · 339 com página
  320/466 · 354 com página
  340/466 · 373 com página
  360/466 · 391 com página
  380/466 · 408 com página
  400/466 · 426 com página
  420/466 · 446 com página
  440/466 · 466 com página
  460/466 · 486 com página
  466/466 · 492 com página
etapa 2 — plantéis: 369 a baixar
  15/369 · 3503 atletas
  30/369 · 3874 atletas
  45/369 · 4172 atletas
  60/369 · 4577 atletas
  75/369 · 4834 atletas
  90/369 · 5067 atletas
  105/369 · 5308 atletas
  120/369 · 5729 atletas
  135/369 · 6183 atletas
  150/369 · 6520 atletas
  165/369 · 6916 atletas
  180/369 · 7369 atletas
  195/369 · 7664 atletas
  210/369 · 8160 atletas
  225/369 · 8589 atletas
  240/369 · 8904 atletas
  255/369 · 9299 atletas
  270/369 · 9549 atletas
  285/369 · 10042 atletas
  300/369 · 10502 atletas
  315/369 · 11029 atletas
  330/369 · 11465 atletas
  345/369 · 11888 atletas
  360/369 · 12383 atletas
  369/369 · 12610 atletas
etapa 3 — carreiras: 4195 achados no plantel · 6965 sem achar (ou nome ambíguo dentro do clube)
  25/4195 · 24 conferidos · 1 recusados · 0 sem tabela · 0 erros
  50/4195 · 49 conferidos · 1 recusados · 0 sem tabela · 0 erros
  75/4195 · 74 conferidos · 1 recusados · 0 sem tabela · 0 erros
  100/4195 · 99 conferidos · 1 recusados · 0 sem tabela · 0 erros
  125/4195 · 124 conferidos · 1 recusados · 0 sem tabela · 0 erros
  150/4195 · 149 conferidos · 1 recusados · 0 sem tabela · 0 erros
  175/4195 · 174 conferidos · 1 recusados · 0 sem tabela · 0 erros
